Starting Schema Integration Verify (ESM No-Deps)...

--- 1. Creating Users 'dr_test_1766709100152@test.com' and 'pat_test_1766709100152@test.com' ---
Doctor Created: ede99d30-63dd-46dd-bd38-08c257a98e9e
Doctor Role Updated to 'medico'
Patient Created: 7bc76a27-c842-4298-8567-10681ba96476
Patient Role Updated to 'paciente'

--- 2. Testing Patient Connection ---

--- 3. Testing Medical Dashboard View ---
Logged in as Doctor for View check.

--- 4. Testing Charts Table Access ---
Chart Mock Insert Error (Expected if generated by Trigger only): Could not find the table 'public.charts' in the schema cache
