components/entry/EntryForm.tsx(78,58): error TS2339: Property 'getUser' does not exist on type '{ onAuthStateChanged: (callback: (user: User) => void) => () => void; loginEmail: (email: string, pass: string) => Promise<User>; signupEmail: (email: string, pass: string, name: string, role: UserRole) => Promise<...>; ... 26 more ...; updateNoteStatus: (noteId: string, status: "active" | ... 1 more ... | "hidden")...'.
